// Jest Snapshot v1, https://goo.gl/fbAQLP

exports[`<Feature /> renders the <Feature /> with just a subtitle 1`] = `
<div
  class="feature__Container-sc-6swrp6-0 dUyrwq"
>
  <h2
    class="feature__SubTitle-sc-6swrp6-2 dQnJQV"
  >
    Watch anywhere. Cancel at any time.
  </h2>
</div>
`;
